---
source: crates/gossamer-diagnostics/tests/snapshots.rs
expression: rendered
---
--- plain ---
error[GP0016]: Foreign functions are declared at module level in an - here
--- framed ---
error[GP0016]: Foreign functions are declared at module level in an
  --> snap.gos:2:5
     2 |     let x = 1
       |     ^^^^^
     error: here
